This is pdfTeX, Version 3.141592653-2.6-1.40.26 (TeX Live 2024) (preloaded format=pdflatex 2024.8.3)  25 NOV 2025 14:56
entering extended mode
 restricted \write18 enabled.
 file:line:error style messages enabled.
 %&-line parsing enabled.
**c:/Users/hollanderj/Desktop/ETF-Research/Paper/paper
(c:/Users/hollanderj/Desktop/ETF-Research/Paper/paper.tex
LaTeX2e <2024-06-01> patch level 2
L3 programming layer <2024-07-20>
(c:/texlive/2024/texmf-dist/tex/latex/base/article.cls
Document Class: article 2024/02/08 v1.4n Standard LaTeX document class
(c:/texlive/2024/texmf-dist/tex/latex/base/size10.clo
File: size10.clo 2024/02/08 v1.4n Standard LaTeX file (size option)
)
\c@part=\count194
\c@section=\count195
\c@subsection=\count196
\c@subsubsection=\count197
\c@paragraph=\count198
\c@subparagraph=\count199
\c@figure=\count266
\c@table=\count267
\abovecaptionskip=\skip49
\belowcaptionskip=\skip50
\bibindent=\dimen141
) (c:/texlive/2024/texmf-dist/tex/latex/graphics/graphicx.sty
Package: graphicx 2021/09/16 v1.2d Enhanced LaTeX Graphics (DPC,SPQR)
 (c:/texlive/2024/texmf-dist/tex/latex/graphics/keyval.sty
Package: keyval 2022/05/29 v1.15 key=value parser (DPC)
\KV@toks@=\toks17
) (c:/texlive/2024/texmf-dist/tex/latex/graphics/graphics.sty
Package: graphics 2024/05/23 v1.4g Standard LaTeX Graphics (DPC,SPQR)
 (c:/texlive/2024/texmf-dist/tex/latex/graphics/trig.sty
Package: trig 2023/12/02 v1.11 sin cos tan (DPC)
) (c:/texlive/2024/texmf-dist/tex/latex/graphics-cfg/graphics.cfg
File: graphics.cfg 2016/06/04 v1.11 sample graphics configuration
)
Package graphics Info: Driver file: pdftex.def on input line 106.
 (c:/texlive/2024/texmf-dist/tex/latex/graphics-def/pdftex.def
File: pdftex.def 2024/04/13 v1.2c Graphics/color driver for pdftex
))
\Gin@req@height=\dimen142
\Gin@req@width=\dimen143
) (c:/texlive/2024/texmf-dist/tex/latex/amsfonts/amsfonts.sty
Package: amsfonts 2013/01/14 v3.01 Basic AMSFonts support
\@emptytoks=\toks18
\symAMSa=\mathgroup4
\symAMSb=\mathgroup5
LaTeX Font Info:    Redeclaring math symbol \hbar on input line 98.
LaTeX Font Info:    Overwriting math alphabet `\mathfrak' in version `bold'
(Font)                  U/euf/m/n --> U/euf/b/n on input line 106.
) (c:/texlive/2024/texmf-dist/tex/latex/amsmath/amsmath.sty
Package: amsmath 2024/05/23 v2.17q AMS math features
\@mathmargin=\skip51

For additional information on amsmath, use the `?' option.
(c:/texlive/2024/texmf-dist/tex/latex/amsmath/amstext.sty
Package: amstext 2021/08/26 v2.01 AMS text
 (c:/texlive/2024/texmf-dist/tex/latex/amsmath/amsgen.sty
File: amsgen.sty 1999/11/30 v2.0 generic functions
\@emptytoks=\toks19
\ex@=\dimen144
)) (c:/texlive/2024/texmf-dist/tex/latex/amsmath/amsbsy.sty
Package: amsbsy 1999/11/29 v1.2d Bold Symbols
\pmbraise@=\dimen145
) (c:/texlive/2024/texmf-dist/tex/latex/amsmath/amsopn.sty
Package: amsopn 2022/04/08 v2.04 operator names
)
\inf@bad=\count268
LaTeX Info: Redefining \frac on input line 233.
\uproot@=\count269
\leftroot@=\count270
LaTeX Info: Redefining \overline on input line 398.
LaTeX Info: Redefining \colon on input line 409.
\classnum@=\count271
\DOTSCASE@=\count272
LaTeX Info: Redefining \ldots on input line 495.
LaTeX Info: Redefining \dots on input line 498.
LaTeX Info: Redefining \cdots on input line 619.
\Mathstrutbox@=\box52
\strutbox@=\box53
LaTeX Info: Redefining \big on input line 721.
LaTeX Info: Redefining \Big on input line 722.
LaTeX Info: Redefining \bigg on input line 723.
LaTeX Info: Redefining \Bigg on input line 724.
\big@size=\dimen146
LaTeX Font Info:    Redeclaring font encoding OML on input line 742.
LaTeX Font Info:    Redeclaring font encoding OMS on input line 743.
\macc@depth=\count273
LaTeX Info: Redefining \bmod on input line 904.
LaTeX Info: Redefining \pmod on input line 909.
LaTeX Info: Redefining \smash on input line 939.
LaTeX Info: Redefining \relbar on input line 969.
LaTeX Info: Redefining \Relbar on input line 970.
\c@MaxMatrixCols=\count274
\dotsspace@=\muskip17
\c@parentequation=\count275
\dspbrk@lvl=\count276
\tag@help=\toks20
\row@=\count277
\column@=\count278
\maxfields@=\count279
\andhelp@=\toks21
\eqnshift@=\dimen147
\alignsep@=\dimen148
\tagshift@=\dimen149
\tagwidth@=\dimen150
\totwidth@=\dimen151
\lineht@=\dimen152
\@envbody=\toks22
\multlinegap=\skip52
\multlinetaggap=\skip53
\mathdisplay@stack=\toks23
LaTeX Info: Redefining \[ on input line 2953.
LaTeX Info: Redefining \] on input line 2954.
) (c:/texlive/2024/texmf-dist/tex/latex/booktabs/booktabs.sty
Package: booktabs 2020/01/12 v1.61803398 Publication quality tables
\heavyrulewidth=\dimen153
\lightrulewidth=\dimen154
\cmidrulewidth=\dimen155
\belowrulesep=\dimen156
\belowbottomsep=\dimen157
\aboverulesep=\dimen158
\abovetopsep=\dimen159
\cmidrulesep=\dimen160
\cmidrulekern=\dimen161
\defaultaddspace=\dimen162
\@cmidla=\count280
\@cmidlb=\count281
\@aboverulesep=\dimen163
\@belowrulesep=\dimen164
\@thisruleclass=\count282
\@lastruleclass=\count283
\@thisrulewidth=\dimen165
) (c:/texlive/2024/texmf-dist/tex/latex/multirow/multirow.sty
Package: multirow 2024/11/12 v2.9 Span multiple rows of a table
\multirow@colwidth=\skip54
\multirow@cntb=\count284
\multirow@dima=\skip55
\bigstrutjot=\dimen166
) (c:/texlive/2024/texmf-dist/tex/latex/float/float.sty
Package: float 2001/11/08 v1.3d Float enhancements (AL)
\c@float@type=\count285
\float@exts=\toks24
\float@box=\box54
\@float@everytoks=\toks25
\@floatcapt=\box55
) (c:/texlive/2024/texmf-dist/tex/latex/l3backend/l3backend-pdftex.def
File: l3backend-pdftex.def 2024-05-08 L3 backend support: PDF output (pdfTeX)
\l__color_backend_stack_int=\count286
\l__pdf_internal_box=\box56
) (./paper.aux)
\openout1 = `paper.aux'.

LaTeX Font Info:    Checking defaults for OML/cmm/m/it on input line 14.
LaTeX Font Info:    ... okay on input line 14.
LaTeX Font Info:    Checking defaults for OMS/cmsy/m/n on input line 14.
LaTeX Font Info:    ... okay on input line 14.
LaTeX Font Info:    Checking defaults for OT1/cmr/m/n on input line 14.
LaTeX Font Info:    ... okay on input line 14.
LaTeX Font Info:    Checking defaults for T1/cmr/m/n on input line 14.
LaTeX Font Info:    ... okay on input line 14.
LaTeX Font Info:    Checking defaults for TS1/cmr/m/n on input line 14.
LaTeX Font Info:    ... okay on input line 14.
LaTeX Font Info:    Checking defaults for OMX/cmex/m/n on input line 14.
LaTeX Font Info:    ... okay on input line 14.
LaTeX Font Info:    Checking defaults for U/cmr/m/n on input line 14.
LaTeX Font Info:    ... okay on input line 14.
 (c:/texlive/2024/texmf-dist/tex/context/base/mkii/supp-pdf.mkii
[Loading MPS to PDF converter (version 2006.09.02).]
\scratchcounter=\count287
\scratchdimen=\dimen167
\scratchbox=\box57
\nofMPsegments=\count288
\nofMParguments=\count289
\everyMPshowfont=\toks26
\MPscratchCnt=\count290
\MPscratchDim=\dimen168
\MPnumerator=\count291
\makeMPintoPDFobject=\count292
\everyMPtoPDFconversion=\toks27
) (c:/texlive/2024/texmf-dist/tex/latex/epstopdf-pkg/epstopdf-base.sty
Package: epstopdf-base 2020-01-24 v2.11 Base part for package epstopdf
Package epstopdf-base Info: Redefining graphics rule for `.eps' on input line 485.
 (c:/texlive/2024/texmf-dist/tex/latex/latexconfig/epstopdf-sys.cfg
File: epstopdf-sys.cfg 2010/07/13 v1.3 Configuration of (r)epstopdf for TeX Live
))
LaTeX Font Info:    Trying to load font information for U+msa on input line 15.
 (c:/texlive/2024/texmf-dist/tex/latex/amsfonts/umsa.fd
File: umsa.fd 2013/01/14 v3.01 AMS symbols A
)
LaTeX Font Info:    Trying to load font information for U+msb on input line 15.
 (c:/texlive/2024/texmf-dist/tex/latex/amsfonts/umsb.fd
File: umsb.fd 2013/01/14 v3.01 AMS symbols B
)
<Images/1day_spot_vs_1month_futures.pdf, id=1, 462.52798pt x 346.89601pt>
File: Images/1day_spot_vs_1month_futures.pdf Graphic file (type pdf)
<use Images/1day_spot_vs_1month_futures.pdf>
Package pdftex.def Info: Images/1day_spot_vs_1month_futures.pdf  used on input line 68.
(pdftex.def)             Requested size: 276.00105pt x 207.01175pt.


[1

{c:/texlive/2024/texmf-var/fonts/map/pdftex/updmap/pdftex.map}]
<Images/spot_vs_1m_vs_12m_futures_jan_apr_2024.pdf, id=15, 722.7pt x 433.62pt>
File: Images/spot_vs_1m_vs_12m_futures_jan_apr_2024.pdf Graphic file (type pdf)
<use Images/spot_vs_1m_vs_12m_futures_jan_apr_2024.pdf>
Package pdftex.def Info: Images/spot_vs_1m_vs_12m_futures_jan_apr_2024.pdf  used on input line 75.
(pdftex.def)             Requested size: 310.4979pt x 186.30078pt.


LaTeX Warning: `!h' float specifier changed to `!ht'.

<Images/slope_by_maturity_and_return_window.pdf, id=16, 867.24pt x 722.7pt>
File: Images/slope_by_maturity_and_return_window.pdf Graphic file (type pdf)
<use Images/slope_by_maturity_and_return_window.pdf>
Package pdftex.def Info: Images/slope_by_maturity_and_return_window.pdf  used on input line 109.
(pdftex.def)             Requested size: 310.4979pt x 258.74925pt.


[2 <./Images/1day_spot_vs_1month_futures.pdf> <./Images/spot_vs_1m_vs_12m_futures_jan_apr_2024.pdf>]

LaTeX Warning: `!h' float specifier changed to `!ht'.



[3]

[4 <./Images/slope_by_maturity_and_return_window.pdf>]
Overfull \hbox (78.19202pt too wide) in paragraph at lines 150--174
 [][] 
 []

<Images/futures_portfolio_replication_vs_gld.pdf, id=145, 867.24pt x 578.16pt>
File: Images/futures_portfolio_replication_vs_gld.pdf Graphic file (type pdf)
<use Images/futures_portfolio_replication_vs_gld.pdf>
Package pdftex.def Info: Images/futures_portfolio_replication_vs_gld.pdf  used on input line 188.
(pdftex.def)             Requested size: 345.0pt x 229.99835pt.

LaTeX Warning: `!h' float specifier changed to `!ht'.

<Images/OOS_RMSE_and_Volatility.pdf, id=146, 1011.78pt x 578.16pt>
File: Images/OOS_RMSE_and_Volatility.pdf Graphic file (type pdf)
<use Images/OOS_RMSE_and_Volatility.pdf>
Package pdftex.def Info: Images/OOS_RMSE_and_Volatility.pdf  used on input line 196.
(pdftex.def)             Requested size: 345.0pt x 197.14522pt.

LaTeX Warning: `!h' float specifier changed to `!ht'.


LaTeX Warning: `!h' float specifier changed to `!ht'.



[5

]

[6 <./Images/futures_portfolio_replication_vs_gld.pdf>]

[7 <./Images/OOS_RMSE_and_Volatility.pdf>]
Overfull \hbox (72.5319pt too wide) in paragraph at lines 231--243
 [][] 
 []


Overfull \hbox (96.26695pt too wide) in paragraph at lines 253--265
 [][] 
 []


Overfull \hbox (32.3806pt too wide) in paragraph at lines 272--285
 [][] 
 []



[8

]

[9]
<Images/dynamic_letf_replication_maturity_1,_beta_1.pdf, id=274, 289.08pt x 289.08pt>
File: Images/dynamic_letf_replication_maturity_1,_beta_1.pdf Graphic file (type pdf)
<use Images/dynamic_letf_replication_maturity_1,_beta_1.pdf>
Package pdftex.def Info: Images/dynamic_letf_replication_maturity_1,_beta_1.pdf  used on input line 353.
(pdftex.def)             Requested size: 165.59853pt x 165.59775pt.
<Images/dynamic_letf_replication_maturity_2,_beta_1.pdf, id=275, 289.08pt x 289.08pt>
File: Images/dynamic_letf_replication_maturity_2,_beta_1.pdf Graphic file (type pdf)
<use Images/dynamic_letf_replication_maturity_2,_beta_1.pdf>
Package pdftex.def Info: Images/dynamic_letf_replication_maturity_2,_beta_1.pdf  used on input line 358.
(pdftex.def)             Requested size: 165.59853pt x 165.59775pt.
<Images/dynamic_letf_replication_maturity_6,_beta_1.pdf, id=276, 289.08pt x 289.08pt>
File: Images/dynamic_letf_replication_maturity_6,_beta_1.pdf Graphic file (type pdf)
<use Images/dynamic_letf_replication_maturity_6,_beta_1.pdf>
Package pdftex.def Info: Images/dynamic_letf_replication_maturity_6,_beta_1.pdf  used on input line 367.
(pdftex.def)             Requested size: 165.59853pt x 165.59775pt.
<Images/dynamic_letf_replication_maturity_12,_beta_1.pdf, id=277, 289.08pt x 289.08pt>
File: Images/dynamic_letf_replication_maturity_12,_beta_1.pdf Graphic file (type pdf)
<use Images/dynamic_letf_replication_maturity_12,_beta_1.pdf>
Package pdftex.def Info: Images/dynamic_letf_replication_maturity_12,_beta_1.pdf  used on input line 372.
(pdftex.def)             Requested size: 165.59853pt x 165.59775pt.
<Images/dynamic_letf_replication_maturity_1,_beta_2.pdf, id=278, 289.08pt x 289.08pt>
File: Images/dynamic_letf_replication_maturity_1,_beta_2.pdf Graphic file (type pdf)
<use Images/dynamic_letf_replication_maturity_1,_beta_2.pdf>
Package pdftex.def Info: Images/dynamic_letf_replication_maturity_1,_beta_2.pdf  used on input line 386.
(pdftex.def)             Requested size: 165.59853pt x 165.59775pt.
<Images/dynamic_letf_replication_maturity_2,_beta_2.pdf, id=279, 289.08pt x 289.08pt>
File: Images/dynamic_letf_replication_maturity_2,_beta_2.pdf Graphic file (type pdf)
<use Images/dynamic_letf_replication_maturity_2,_beta_2.pdf>
Package pdftex.def Info: Images/dynamic_letf_replication_maturity_2,_beta_2.pdf  used on input line 391.
(pdftex.def)             Requested size: 165.59853pt x 165.59775pt.
<Images/dynamic_letf_replication_maturity_6,_beta_2.pdf, id=280, 289.08pt x 289.08pt>
File: Images/dynamic_letf_replication_maturity_6,_beta_2.pdf Graphic file (type pdf)
<use Images/dynamic_letf_replication_maturity_6,_beta_2.pdf>
Package pdftex.def Info: Images/dynamic_letf_replication_maturity_6,_beta_2.pdf  used on input line 400.
(pdftex.def)             Requested size: 165.59853pt x 165.59775pt.
<Images/dynamic_letf_replication_maturity_12,_beta_2.pdf, id=281, 289.08pt x 289.08pt>
File: Images/dynamic_letf_replication_maturity_12,_beta_2.pdf Graphic file (type pdf)
<use Images/dynamic_letf_replication_maturity_12,_beta_2.pdf>
Package pdftex.def Info: Images/dynamic_letf_replication_maturity_12,_beta_2.pdf  used on input line 405.
(pdftex.def)             Requested size: 165.59853pt x 165.59775pt.


[10 <./Images/dynamic_letf_replication_maturity_1,_beta_1.pdf> <./Images/dynamic_letf_replication_maturity_2,_beta_1.pdf> <./Images/dynamic_letf_replication_maturity_6,_beta_1.pdf> <./Images/dynamic_letf_replication_maturity_12,_beta_1.pdf>]
<Images/dynamic_letf_replication_maturity_1,_beta_-2.pdf, id=467, 289.08pt x 289.08pt>
File: Images/dynamic_letf_replication_maturity_1,_beta_-2.pdf Graphic file (type pdf)
<use Images/dynamic_letf_replication_maturity_1,_beta_-2.pdf>
Package pdftex.def Info: Images/dynamic_letf_replication_maturity_1,_beta_-2.pdf  used on input line 419.
(pdftex.def)             Requested size: 165.59853pt x 165.59775pt.
<Images/dynamic_letf_replication_maturity_2,_beta_-2.pdf, id=468, 289.08pt x 289.08pt>
File: Images/dynamic_letf_replication_maturity_2,_beta_-2.pdf Graphic file (type pdf)
<use Images/dynamic_letf_replication_maturity_2,_beta_-2.pdf>
Package pdftex.def Info: Images/dynamic_letf_replication_maturity_2,_beta_-2.pdf  used on input line 424.
(pdftex.def)             Requested size: 165.59853pt x 165.59775pt.
<Images/dynamic_letf_replication_maturity_6,_beta_-2.pdf, id=469, 289.08pt x 289.08pt>
File: Images/dynamic_letf_replication_maturity_6,_beta_-2.pdf Graphic file (type pdf)
<use Images/dynamic_letf_replication_maturity_6,_beta_-2.pdf>
Package pdftex.def Info: Images/dynamic_letf_replication_maturity_6,_beta_-2.pdf  used on input line 433.
(pdftex.def)             Requested size: 165.59853pt x 165.59775pt.
<Images/dynamic_letf_replication_maturity_12,_beta_-2.pdf, id=470, 289.08pt x 289.08pt>
File: Images/dynamic_letf_replication_maturity_12,_beta_-2.pdf Graphic file (type pdf)
<use Images/dynamic_letf_replication_maturity_12,_beta_-2.pdf>
Package pdftex.def Info: Images/dynamic_letf_replication_maturity_12,_beta_-2.pdf  used on input line 438.
(pdftex.def)             Requested size: 165.59853pt x 165.59775pt.


[11 <./Images/dynamic_letf_replication_maturity_1,_beta_2.pdf> <./Images/dynamic_letf_replication_maturity_2,_beta_2.pdf> <./Images/dynamic_letf_replication_maturity_6,_beta_2.pdf> <./Images/dynamic_letf_replication_maturity_12,_beta_2.pdf>]
<Images/dynamic_letf_replication_maturity_1,_beta_3.pdf, id=653, 289.08pt x 289.08pt>
File: Images/dynamic_letf_replication_maturity_1,_beta_3.pdf Graphic file (type pdf)
<use Images/dynamic_letf_replication_maturity_1,_beta_3.pdf>
Package pdftex.def Info: Images/dynamic_letf_replication_maturity_1,_beta_3.pdf  used on input line 452.
(pdftex.def)             Requested size: 165.59853pt x 165.59775pt.
<Images/dynamic_letf_replication_maturity_2,_beta_3.pdf, id=654, 289.08pt x 289.08pt>
File: Images/dynamic_letf_replication_maturity_2,_beta_3.pdf Graphic file (type pdf)
<use Images/dynamic_letf_replication_maturity_2,_beta_3.pdf>
Package pdftex.def Info: Images/dynamic_letf_replication_maturity_2,_beta_3.pdf  used on input line 457.
(pdftex.def)             Requested size: 165.59853pt x 165.59775pt.
<Images/dynamic_letf_replication_maturity_6,_beta_3.pdf, id=655, 289.08pt x 289.08pt>
File: Images/dynamic_letf_replication_maturity_6,_beta_3.pdf Graphic file (type pdf)
<use Images/dynamic_letf_replication_maturity_6,_beta_3.pdf>
Package pdftex.def Info: Images/dynamic_letf_replication_maturity_6,_beta_3.pdf  used on input line 466.
(pdftex.def)             Requested size: 165.59853pt x 165.59775pt.
<Images/dynamic_letf_replication_maturity_12,_beta_3.pdf, id=656, 289.08pt x 289.08pt>
File: Images/dynamic_letf_replication_maturity_12,_beta_3.pdf Graphic file (type pdf)
<use Images/dynamic_letf_replication_maturity_12,_beta_3.pdf>
Package pdftex.def Info: Images/dynamic_letf_replication_maturity_12,_beta_3.pdf  used on input line 471.
(pdftex.def)             Requested size: 165.59853pt x 165.59775pt.


[12 <./Images/dynamic_letf_replication_maturity_1,_beta_-2.pdf> <./Images/dynamic_letf_replication_maturity_2,_beta_-2.pdf> <./Images/dynamic_letf_replication_maturity_6,_beta_-2.pdf> <./Images/dynamic_letf_replication_maturity_12,_beta_-2.pdf>]

[13 <./Images/dynamic_letf_replication_maturity_1,_beta_3.pdf> <./Images/dynamic_letf_replication_maturity_2,_beta_3.pdf> <./Images/dynamic_letf_replication_maturity_6,_beta_3.pdf> <./Images/dynamic_letf_replication_maturity_12,_beta_3.pdf>] (./paper.aux)
 ***********
LaTeX2e <2024-06-01> patch level 2
L3 programming layer <2024-07-20>
 ***********


LaTeX Warning: Label(s) may have changed. Rerun to get cross-references right.

 ) 
Here is how much of TeX's memory you used:
 2505 strings out of 475495
 44852 string characters out of 5776743
 1945960 words of memory out of 5000000
 25144 multiletter control sequences out of 15000+600000
 566579 words of font info for 69 fonts, out of 8000000 for 9000
 36 hyphenation exceptions out of 8191
 57i,13n,65p,468b,322s stack positions out of 10000i,1000n,20000p,200000b,200000s
 <c:/Users/hollanderj/.texlive2024/texmf-var/fonts/pk/ljfour/jknappen/ec/tcrm1000.600pk><c:/texlive/2024/texmf-dist/fonts/type1/public/amsfonts/cm/cmbx10.pfb><c:/texlive/2024/texmf-dist/fonts/type1/public/amsfonts/cm/cmbx12.pfb><c:/texlive/2024/texmf-dist/fonts/type1/public/amsfonts/cm/cmbx7.pfb><c:/texlive/2024/texmf-dist/fonts/type1/public/amsfonts/cm/cmmi10.pfb><c:/texlive/2024/texmf-dist/fonts/type1/public/amsfonts/cm/cmmi7.pfb><c:/texlive/2024/texmf-dist/fonts/type1/public/amsfonts/cm/cmr10.pfb><c:/texlive/2024/texmf-dist/fonts/type1/public/amsfonts/cm/cmr12.pfb><c:/texlive/2024/texmf-dist/fonts/type1/public/amsfonts/cm/cmr17.pfb><c:/texlive/2024/texmf-dist/fonts/type1/public/amsfonts/cm/cmr7.pfb><c:/texlive/2024/texmf-dist/fonts/type1/public/amsfonts/cm/cmr8.pfb><c:/texlive/2024/texmf-dist/fonts/type1/public/amsfonts/cm/cmsy10.pfb><c:/texlive/2024/texmf-dist/fonts/type1/public/amsfonts/cm/cmsy7.pfb>
Output written on paper.pdf (13 pages, 1222400 bytes).
PDF statistics:
 1083 PDF objects out of 1200 (max. 8388607)
 176 compressed objects within 2 object streams
 0 named destinations out of 1000 (max. 500000)
 106 words of extra memory for PDF output out of 10000 (max. 10000000)

